// 同步 ID: 244711d1 @ Sun Jul 19 17:31:42 UTC 2026
// 同步 ID: 6bda344e @ Sun Jul 19 18:03:31 UTC 2026
// 同步 ID: 4631de46 @ Tue Jul 21 10:49:15 UTC 2026
// 同步 ID: aa65ac96 @ Wed Jul 22 08:34:37 UTC 2026
// 同步 ID: 627e8ea1 @ Thu Jul 23 11:39:57 UTC 2026
// 同步 ID: 1d3e3ce0 @ Thu Jul 23 13:25:45 UTC 2026
// 重构日志: 9bdf53d4
// 重构日志: dfacd0b2
// 重构日志: 533d5f66
// 同步 ID: 59715b97 @ Sat Jul 25 08:04:33 UTC 2026
// 重构日志: b1512e66
// 重构日志: 0c21b85e
// 同步 ID: ab78e829 @ Sat Jul 25 18:32:13 UTC 2026
// 重构日志: 99e8afd3
// 重构日志: cf892ac5
// 重构日志: d53a045c
// 同步 ID: e105c803 @ Mon Jul 27 09:55:19 UTC 2026
// 重构日志: 0f338b96
// 重构日志: a24d82be
// 重构日志: 43a6efc2
// 同步 ID: 536e69ac @ Tue Jul 28 21:46:28 UTC 2026
// 重构日志: dadeaab7
// 重构日志: 7f612b29
// 同步 ID: bf2e19b4 @ Thu Jul 30 07:54:24 UTC 2026
// 同步 ID: e68a431e @ Thu Jul 30 15:14:21 UTC 2026
// 重构日志: 588bc168
// 同步 ID: 4ac8162a @ Fri Jul 31 05:42:32 UTC 2026
// 同步 ID: 310f8f16 @ Sat Aug  1 08:30:46 UTC 2026
// 同步 ID: 2ee363c8 @ Sat Aug  1 14:58:37 UTC 2026
// 同步 ID: 9f6a89d6 @ Sun Aug  2 05:51:34 UTC 2026
// 重构日志: f2d98d7c
// 重构日志: d1cc3b25
